// Jest Snapshot v1, https://goo.gl/fbAQLP

exports[`TodoList 스냅샷 체크 1`] = `
<div>
  <h2>
    Todo
  </h2>
  <div>
    <input
      checked=""
      type="checkbox"
    />
    1
     
    Hello
     
    <button>
      -DEL
    </button>
  </div>
  <div>
    <input
      type="checkbox"
    />
    2
     
    World!
     
    <button>
      -DEL
    </button>
  </div>
</div>
`;
